---
source: crates/iota-e2e-tests/tests/snapshot_tests.rs
expression: "run_one(cmds, context).await?"
---
[
  "iota client objects {ME}",
  [
    {
      "data": {
        "objectId": "0x333f059c5bf4064393749073577ffe8dc9b8dbd9f528b47ae033ccb3debefa0c",
        "version": "1",
        "digest": "EvbuXKaELLKMGvKgXo4mjni1mrnKZWf7171mvUQbwCdp",
        "type": "0x2::coin::Coin<0x2::iota::IOTA>",
        "owner": {
          "AddressOwner": "0x2868fed4dbeb23d2ace3ee3ad6e39061423c5692a2b289b39c643c0baf2d8d85"
        },
        "previousTransaction": "Da8vxsU2AwQEbSsavgckT2qSug2jJzZkQZ8SzhmPMb5z",
        "storageRebate": "0",
        "content": {
          "dataType": "moveObject",
          "type": "0x2::coin::Coin<0x2::iota::IOTA>",
          "fields": {
            "balance": "30000000000000000",
            "id": {
              "id": "0x333f059c5bf4064393749073577ffe8dc9b8dbd9f528b47ae033ccb3debefa0c"
            }
          }
        }
      }
    },
    {
      "data": {
        "objectId": "0x7cb73b0fda6c5f7ce2abd6d77629ee079d5d502e1063c00cb19599957dbe2c67",
        "version": "1",
        "digest": "Gdpbk9wzNbZUv5qQsrUHg9t6ynSgx84R9Sbm1yYexoUC",
        "type": "0x2::coin::Coin<0x2::iota::IOTA>",
        "owner": {
          "AddressOwner": "0x2868fed4dbeb23d2ace3ee3ad6e39061423c5692a2b289b39c643c0baf2d8d85"
        },
        "previousTransaction": "Da8vxsU2AwQEbSsavgckT2qSug2jJzZkQZ8SzhmPMb5z",
        "storageRebate": "0",
        "content": {
          "dataType": "moveObject",
          "type": "0x2::coin::Coin<0x2::iota::IOTA>",
          "fields": {
            "balance": "30000000000000000",
            "id": {
              "id": "0x7cb73b0fda6c5f7ce2abd6d77629ee079d5d502e1063c00cb19599957dbe2c67"
            }
          }
        }
      }
    },
    {
      "data": {
        "objectId": "0xa7dedd93fcfb10489125b7f814686274d4bb74b73951807660110b7c51e93a3e",
        "version": "1",
        "digest": "9zogA2FqGr6qqvdvvmm2nXwz1TVw4VJC9b5fccLDGtcG",
        "type": "0x2::coin::Coin<0x2::iota::IOTA>",
        "owner": {
          "AddressOwner": "0x2868fed4dbeb23d2ace3ee3ad6e39061423c5692a2b289b39c643c0baf2d8d85"
        },
        "previousTransaction": "Da8vxsU2AwQEbSsavgckT2qSug2jJzZkQZ8SzhmPMb5z",
        "storageRebate": "0",
        "content": {
          "dataType": "moveObject",
          "type": "0x2::coin::Coin<0x2::iota::IOTA>",
          "fields": {
            "balance": "30000000000000000",
            "id": {
              "id": "0xa7dedd93fcfb10489125b7f814686274d4bb74b73951807660110b7c51e93a3e"
            }
          }
        }
      }
    },
    {
      "data": {
        "objectId": "0xc343e7f91735490d4ed2cb26beac093a015005ab721f1a67c7b7b3ef0754eb97",
        "version": "1",
        "digest": "EW9u7PaX8EyfbYpTXSMe9JZAFyzufJLe5xUm7hLWoT49",
        "type": "0x2::coin::Coin<0x2::iota::IOTA>",
        "owner": {
          "AddressOwner": "0x2868fed4dbeb23d2ace3ee3ad6e39061423c5692a2b289b39c643c0baf2d8d85"
        },
        "previousTransaction": "Da8vxsU2AwQEbSsavgckT2qSug2jJzZkQZ8SzhmPMb5z",
        "storageRebate": "0",
        "content": {
          "dataType": "moveObject",
          "type": "0x2::coin::Coin<0x2::iota::IOTA>",
          "fields": {
            "balance": "30000000000000000",
            "id": {
              "id": "0xc343e7f91735490d4ed2cb26beac093a015005ab721f1a67c7b7b3ef0754eb97"
            }
          }
        }
      }
    },
    {
      "data": {
        "objectId": "0xe83d8d64a8a9cbebc03c2af6ab642fe2be8de00882391978343d567eed5ca1dd",
        "version": "1",
        "digest": "aCtHysB2xcnrW1Fdf97nQmoBcCttFnVJWq7gnE78YoQ",
        "type": "0x2::coin::Coin<0x2::iota::IOTA>",
        "owner": {
          "AddressOwner": "0x2868fed4dbeb23d2ace3ee3ad6e39061423c5692a2b289b39c643c0baf2d8d85"
        },
        "previousTransaction": "Da8vxsU2AwQEbSsavgckT2qSug2jJzZkQZ8SzhmPMb5z",
        "storageRebate": "0",
        "content": {
          "dataType": "moveObject",
          "type": "0x2::coin::Coin<0x2::iota::IOTA>",
          "fields": {
            "balance": "30000000000000000",
            "id": {
              "id": "0xe83d8d64a8a9cbebc03c2af6ab642fe2be8de00882391978343d567eed5ca1dd"
            }
          }
        }
      }
    }
  ],
  "iota client objects 0x0000000000000000000000000000000000000000000000000000000000000000",
  [],
  "iota client object 0x5",
  [
    {
      "data": {
        "objectId": "0x0000000000000000000000000000000000000000000000000000000000000005",
        "version": "1",
        "digest": "38P2nbiDnBxBxYTpZvbS4KsnrQmoouf2bfk4Q3aE9zAt",
        "type": "0x3::iota_system::IotaSystemState",
        "owner": {
          "Shared": {
            "initial_shared_version": 1
          }
        },
        "previousTransaction": "Da8vxsU2AwQEbSsavgckT2qSug2jJzZkQZ8SzhmPMb5z",
        "storageRebate": "0",
        "content": {
          "dataType": "moveObject",
          "type": "0x3::iota_system::IotaSystemState",
          "fields": {
            "id": {
              "id": "0x0000000000000000000000000000000000000000000000000000000000000005"
            },
            "version": "1"
          }
        }
      }
    }
  ],
  "iota client object 0x5 --bcs",
  [
    {
      "data": {
        "objectId": "0x0000000000000000000000000000000000000000000000000000000000000005",
        "version": "1",
        "digest": "38P2nbiDnBxBxYTpZvbS4KsnrQmoouf2bfk4Q3aE9zAt",
        "type": "0x3::iota_system::IotaSystemState",
        "owner": {
          "Shared": {
            "initial_shared_version": 1
          }
        },
        "previousTransaction": "Da8vxsU2AwQEbSsavgckT2qSug2jJzZkQZ8SzhmPMb5z",
        "storageRebate": "0",
        "bcs": {
          "dataType": "moveObject",
          "type": "0x3::iota_system::IotaSystemState",
          "version": 1,
          "bcsBytes": "AAAAAAAAAAAAAAAAAAAAAAAAAAAAAAAAAAAAAAAAAAUBAAAAAAAAAA=="
        }
      }
    }
  ],
  "iota client object 0x0000000000000000000000000000000000000000000000000000000000000000",
  [
    {
      "error": {
        "code": "notExists",
        "object_id": "0x0000000000000000000000000000000000000000000000000000000000000000"
      }
    }
  ],
  "iota client tx-block 5zibcom3dMckjyN16ygFwr5XNa9Exi1MmY3BQs984x1N",
  "ErrorObject { code: InvalidParams, message: \"Could not find the referenced transaction [TransactionDigest(5zibcom3dMckjyN16ygFwr5XNa9Exi1MmY3BQs984x1N)].\", data: None }",
  "iota client tx-block 11111111111111111111111111111111",
  "ErrorObject { code: InvalidParams, message: \"Could not find the referenced transaction [TransactionDigest(11111111111111111111111111111111)].\", data: None }"
]
